id	name
1	Alice
2	Bob \n Bob
3	asdf
4	asdfasdfasdfasdf
1	Alice
2	Bob
3	asdf
4	asdfasdfasdfasdf
1	Alice
2	Bob
3	asdf
4	asdfasdfasdfasdf
1	Alice
2	Bob
3	asdf
4	asdfasdfasdfasdf
1	Alice
2	Bob
3	asdf
4	asdfasdfasdfasdf
1	Alice
2	Bob
3	asdf
4	asdfasdfasdfasdf
1	Alice
2	Bob
3	asdf
4	asdfasdfasdfasdf
1	Alice
2	Bob
3	asdf
4	asdfasdfasdfasdf
1	Alice
2	Bob
3	asdf
4	asdfasdfasdfasdf
1	Alice
2	Bob
3	asdf
4	asdfasdfasdfasdf
1	Alice
2	Bob
3	asdf
4	asdfasdfasdfasdf
